// Jest Snapshot v1, https://goo.gl/fbAQLP

exports[`ShopPage component Should render ShopPage component 1`] = `
<BrowserRouter>
  <Router
    history={
      Object {
        "action": "POP",
        "block": [Function],
        "createHref": [Function],
        "go": [Function],
        "goBack": [Function],
        "goForward": [Function],
        "length": 1,
        "listen": [Function],
        "location": Object {
          "hash": "",
          "pathname": "/",
          "search": "",
          "state": undefined,
        },
        "push": [Function],
        "replace": [Function],
      }
    }
  >
    <Provider
      store={
        Object {
          "dispatch": [Function],
          "getState": [Function],
          "persistor": Object {
            "persist": [Function],
          },
          "replaceReducer": [Function],
          "subscribe": [Function],
          Symbol(observable): [Function],
        }
      }
    >
      <ShopPage
        fetchCollectionsStart={
          [MockFunction] {
            "calls": Array [
              Array [],
            ],
            "results": Array [
              Object {
                "type": "return",
                "value": undefined,
              },
            ],
          }
        }
        match={
          Object {
            "path": "",
          }
        }
      >
        <styled.div>
          <div
            className="sc-AxiKw hSLCUF"
          >
            <Suspense
              fallback={<LoadingSpinner />}
            >
              <Route
                component={
                  Object {
                    "$$typeof": Symbol(react.lazy),
                    "_ctor": [Function],
                    "_result": Object {
                      "$$typeof": Symbol(react.memo),
                      "WrappedComponent": [Function],
                      "compare": null,
                      "displayName": "Connect(CollectionsOverview)",
                      "type": [Function],
                    },
                    "_status": 1,
                  }
                }
                exact={true}
                path=""
              />
              <Route
                component={
                  Object {
                    "$$typeof": Symbol(react.lazy),
                    "_ctor": [Function],
                    "_result": null,
                    "_status": -1,
                  }
                }
                path="/:collectionId"
              />
              <LoadingSpinner>
                <styled.div>
                  <div
                    className="sc-AxjAm HvuBM"
                  >
                    <styled.div>
                      <div
                        className="sc-AxirZ eovtYN"
                      />
                    </styled.div>
                  </div>
                </styled.div>
              </LoadingSpinner>
            </Suspense>
          </div>
        </styled.div>
      </ShopPage>
    </Provider>
  </Router>
</BrowserRouter>
`;
