// Jest Snapshot v1, https://goo.gl/fbAQLP

exports[`Should render SignUp component 1`] = `
<styled.div>
  <styled.h2>
    Don't have a account?
  </styled.h2>
  <span>
    Sign up with your email and password
  </span>
  <form
    className="sign-up-form"
    onSubmit={[Function]}
  >
    <FormInput
      label="Display Name"
      name="displayName"
      onChange={[Function]}
      required={true}
      type="text"
      value=""
    />
    <FormInput
      label="Email"
      name="email"
      onChange={[Function]}
      required={true}
      type="email"
      value=""
    />
    <FormInput
      label="Password"
      name="password"
      onChange={[Function]}
      required={true}
      type="password"
      value=""
    />
    <FormInput
      label="Confirm Password"
      name="confirmPassword"
      onChange={[Function]}
      required={true}
      type="password"
      value=""
    />
    <CustomButton
      type="submit"
    >
      SIGN UP
    </CustomButton>
  </form>
</styled.div>
`;
